// Jest Snapshot v1, https://goo.gl/fbAQLP

exports[`SpartacusBannerComponent should initialize when page content is empty 1`] = `
<div
  id="root1"
>
  <div>
    
  </div>
</div>
`;
